// Jest Snapshot v1, https://goo.gl/fbAQLP

exports[`matches the snapshot 1`] = `
<main>
  <h1>
    Home
  </h1>
  <button>
    Sign Out
  </button>
</main>
`;
